// Jest Snapshot v1, https://goo.gl/fbAQLP

exports[`<Palette /> should render the <Palette /> correctly 1`] = `
<div
  class="nartefacts-c-PJLV nartefacts-c-dwnvnm nartefacts-c-dwnvnm-gyNLch-columns-4 nartefacts-c-dwnvnm-kdofoX-gap-2"
>
  <div
    class="nartefacts-c-irykEI nartefacts-c-irykEI-idrbDvt-css"
    data-testid="color-box"
  >
    <span />
  </div>
  <div
    class="nartefacts-c-irykEI nartefacts-c-irykEI-ieaNIii-css"
    data-testid="color-box"
  >
    <span />
  </div>
  <div
    class="nartefacts-c-irykEI nartefacts-c-irykEI-igbSeBM-css"
    data-testid="color-box"
  >
    <span />
  </div>
  <div
    class="nartefacts-c-irykEI nartefacts-c-irykEI-igKYXrQ-css"
    data-testid="color-box"
  >
    <span />
  </div>
  <div
    class="nartefacts-c-irykEI nartefacts-c-irykEI-ilbfIFJ-css"
    data-testid="color-box"
  >
    <span />
  </div>
  <div
    class="nartefacts-c-irykEI nartefacts-c-irykEI-iecSHAT-css"
    data-testid="color-box"
  >
    <span />
  </div>
  <div
    class="nartefacts-c-irykEI nartefacts-c-irykEI-iljWqZn-css"
    data-testid="color-box"
  >
    <span />
  </div>
  <div
    class="nartefacts-c-irykEI nartefacts-c-irykEI-ifCAGtg-css"
    data-testid="color-box"
  >
    <span />
  </div>
</div>
`;
