// Jest Snapshot v1, https://goo.gl/fbAQLP

exports[`<Palette /> should render the <Palette /> correctly 1`] = `
<div
  class="nartefacts-c-jnlfwv"
>
  <div
    class="nartefacts-c-PJLV nartefacts-c-irykEI nartefacts-c-PJLV-idrbDvt-css"
    data-testid="color-box"
  >
    <span />
  </div>
  <div
    class="nartefacts-c-PJLV nartefacts-c-irykEI nartefacts-c-PJLV-ieaNIii-css"
    data-testid="color-box"
  >
    <span />
  </div>
  <div
    class="nartefacts-c-PJLV nartefacts-c-irykEI nartefacts-c-PJLV-igbSeBM-css"
    data-testid="color-box"
  >
    <span />
  </div>
  <div
    class="nartefacts-c-PJLV nartefacts-c-irykEI nartefacts-c-PJLV-igKYXrQ-css"
    data-testid="color-box"
  >
    <span />
  </div>
  <div
    class="nartefacts-c-PJLV nartefacts-c-irykEI nartefacts-c-PJLV-ilbfIFJ-css"
    data-testid="color-box"
  >
    <span />
  </div>
  <div
    class="nartefacts-c-PJLV nartefacts-c-irykEI nartefacts-c-PJLV-iecSHAT-css"
    data-testid="color-box"
  >
    <span />
  </div>
  <div
    class="nartefacts-c-PJLV nartefacts-c-irykEI nartefacts-c-PJLV-iljWqZn-css"
    data-testid="color-box"
  >
    <span />
  </div>
  <div
    class="nartefacts-c-PJLV nartefacts-c-irykEI nartefacts-c-PJLV-ifCAGtg-css"
    data-testid="color-box"
  >
    <span />
  </div>
</div>
`;
