// Jest Snapshot v1, https://goo.gl/fbAQLP

exports[`<Palette /> should render the pallette correctly 1`] = `
.c0 {
  display: grid;
  grid-template-columns: repeat(4,1fr);
  gap: 0.5rem;
  width: 100%;
  max-width: 800px;
}

.c1 {
  height: 130px;
  border-radius: 8px;
  background: #095525;
}

.c2 {
  height: 130px;
  border-radius: 8px;
  background: #673636;
}

.c3 {
  height: 130px;
  border-radius: 8px;
  background: #379273;
}

.c4 {
  height: 130px;
  border-radius: 8px;
  background: #136407;
}

.c5 {
  height: 130px;
  border-radius: 8px;
  background: #573227;
}

.c6 {
  height: 130px;
  border-radius: 8px;
  background: #547820;
}

.c7 {
  height: 130px;
  border-radius: 8px;
  background: #163598;
}

.c8 {
  height: 130px;
  border-radius: 8px;
  background: #682052;
}

<div
  class="c0"
  title="Palette"
>
  <div
    class="c1"
    color="#095525"
    title="Color"
  />
  <div
    class="c2"
    color="#673636"
    title="Color"
  />
  <div
    class="c3"
    color="#379273"
    title="Color"
  />
  <div
    class="c4"
    color="#136407"
    title="Color"
  />
  <div
    class="c5"
    color="#573227"
    title="Color"
  />
  <div
    class="c6"
    color="#547820"
    title="Color"
  />
  <div
    class="c7"
    color="#163598"
    title="Color"
  />
  <div
    class="c8"
    color="#682052"
    title="Color"
  />
</div>
`;
