// Jest Snapshot v1, https://goo.gl/fbAQLP

exports[`<Toast /> should render the component correctly 1`] = `
.c0 {
  width: 100%;
  max-width: 400px;
  background-color: #202020;
  border: 1px solid #5A5A5A;
  border-radius: 4px;
  padding: 4px;
  cursor: pointer;
}

.c0 span {
  border-radius: 4px;
}

.c1 {
  color: #5A5A5A;
  font-size: 24px;
  text-align: center;
  font-weight: bold;
  padding-top: 4px;
}

<div
  class="c0"
  href="/saved"
>
  <span
    style="box-sizing: border-box; display: block; overflow: hidden; background: none; opacity: 1; border: 0px; margin: 0px; padding: 0px; position: relative;"
  >
    <span
      style="box-sizing: border-box; display: block; background: none; opacity: 1; border: 0px; margin: 0px; padding: 100% 0px 0px 0px;"
    />
    <img
      alt="image uploaded by a user to generate color palettes"
      data-nimg="responsive"
      decoding="async"
      src="data:image/gif;base64,R0lGODlhAQABAIAAAAAAAP///yH5BAEAAAAALAAAAAABAAEAAAIBRAA7"
      style="position: absolute; top: 0px; left: 0px; bottom: 0px; right: 0px; box-sizing: border-box; padding: 0px; margin: auto; display: block; width: 0px; height: 0px; min-width: 100%; max-width: 100%; min-height: 100%; max-height: 100%;"
    />
    <noscript />
  </span>
  <p
    class="c1"
  >
    Saved
  </p>
</div>
`;
