// Jest Snapshot v1, https://goo.gl/fbAQLP

exports[`<Button /> should render <Button /> correctly with the default styles 1`] = `
<button
  class="nartefacts-c-bWrDCz nartefacts-c-bWrDCz-gHFwzb-size-lg nartefacts-c-bWrDCz-eDnYwL-variant-light nartefacts-c-bWrDCz-deuXAd-fullWidth-true nartefacts-c-bWrDCz-iPJLV-css"
>
  Button CTA
</button>
`;
