// Jest Snapshot v1, https://goo.gl/fbAQLP

exports[`<Card /> should render <Card /> correctly 1`] = `
<div
  class="nartefacts-c-PJLV nartefacts-c-fZrNKq nartefacts-c-fZrNKq-iTKOFX-direction-column nartefacts-c-fZrNKq-iSZeJd-gap-4"
>
  <div
    class="nartefacts-c-PJLV"
  >
    <span
      style="box-sizing: border-box; display: block; overflow: hidden; background: none; opacity: 1; border: 0px; margin: 0px; padding: 0px; position: relative;"
    >
      <span
        style="box-sizing: border-box; display: block; background: none; opacity: 1; border: 0px; margin: 0px; padding: 100% 0px 0px 0px;"
      />
      <img
        alt="album art"
        data-nimg="responsive"
        decoding="async"
        src="data:image/gif;base64,R0lGODlhAQABAIAAAAAAAP///yH5BAEAAAAALAAAAAABAAEAAAIBRAA7"
        style="position: absolute; top: 0px; left: 0px; bottom: 0px; right: 0px; box-sizing: border-box; padding: 0px; margin: auto; display: block; width: 0px; height: 0px; min-width: 100%; max-width: 100%; min-height: 100%; max-height: 100%;"
      />
      <noscript />
    </span>
  </div>
  <div
    class="nartefacts-c-PJLV nartefacts-c-eCjNhv"
  />
  <div>
    <div
      class="react-horizontal-scrolling-menu--wrapper "
    >
      <div
        class="react-horizontal-scrolling-menu--header"
      />
      <div
        class="react-horizontal-scrolling-menu--inner-wrapper"
      >
        <div
          class="react-horizontal-scrolling-menu--arrow-left"
        />
        <div
          class="react-horizontal-scrolling-menu--scroll-container "
        >
          <div
            class="react-horizontal-scrolling-menu--item "
            data-index="0"
            data-key="#1e1f17"
          >
            <div
              class="nartefacts-c-PJLV nartefacts-c-kJLJYA nartefacts-c-kJLJYA-uAklm-size-md nartefacts-c-PJLV-idifliQ-css"
              data-testid="color-box"
            >
              <span />
            </div>
          </div>
          <div
            class="react-horizontal-scrolling-menu--separator "
            data-index="0.1"
            data-key="#1e1f17-separator"
          />
          <div
            class="react-horizontal-scrolling-menu--item "
            data-index="1"
            data-key="#eac374"
          >
            <div
              class="nartefacts-c-PJLV nartefacts-c-kJLJYA nartefacts-c-kJLJYA-uAklm-size-md nartefacts-c-PJLV-igbNtre-css"
              data-testid="color-box"
            >
              <span />
            </div>
          </div>
          <div
            class="react-horizontal-scrolling-menu--separator "
            data-index="1.1"
            data-key="#eac374-separator"
          />
          <div
            class="react-horizontal-scrolling-menu--item "
            data-index="2"
            data-key="#eecc6c"
          >
            <div
              class="nartefacts-c-PJLV nartefacts-c-kJLJYA nartefacts-c-kJLJYA-uAklm-size-md nartefacts-c-PJLV-ieLpHkY-css"
              data-testid="color-box"
            >
              <span />
            </div>
          </div>
          <div
            class="react-horizontal-scrolling-menu--separator "
            data-index="2.1"
            data-key="#eecc6c-separator"
          />
          <div
            class="react-horizontal-scrolling-menu--item "
            data-index="3"
            data-key="#c9c9ca"
          >
            <div
              class="nartefacts-c-PJLV nartefacts-c-kJLJYA nartefacts-c-kJLJYA-uAklm-size-md nartefacts-c-PJLV-icKplX-css"
              data-testid="color-box"
            >
              <span />
            </div>
          </div>
          <div
            class="react-horizontal-scrolling-menu--separator "
            data-index="3.1"
            data-key="#c9c9ca-separator"
          />
          <div
            class="react-horizontal-scrolling-menu--item "
            data-index="4"
            data-key="#cc8d45"
          >
            <div
              class="nartefacts-c-PJLV nartefacts-c-kJLJYA nartefacts-c-kJLJYA-uAklm-size-md nartefacts-c-PJLV-ibwHJuI-css"
              data-testid="color-box"
            >
              <span />
            </div>
          </div>
          <div
            class="react-horizontal-scrolling-menu--separator "
            data-index="4.1"
            data-key="#cc8d45-separator"
          />
          <div
            class="react-horizontal-scrolling-menu--item "
            data-index="5"
            data-key="#5a3711"
          >
            <div
              class="nartefacts-c-PJLV nartefacts-c-kJLJYA nartefacts-c-kJLJYA-uAklm-size-md nartefacts-c-PJLV-iflECZZ-css"
              data-testid="color-box"
            >
              <span />
            </div>
          </div>
          <div
            class="react-horizontal-scrolling-menu--separator "
            data-index="5.1"
            data-key="#5a3711-separator"
          />
          <div
            class="react-horizontal-scrolling-menu--item "
            data-index="6"
            data-key="#484c4c"
          >
            <div
              class="nartefacts-c-PJLV nartefacts-c-kJLJYA nartefacts-c-kJLJYA-uAklm-size-md nartefacts-c-PJLV-iIBMph-css"
              data-testid="color-box"
            >
              <span />
            </div>
          </div>
          <div
            class="react-horizontal-scrolling-menu--separator "
            data-index="6.1"
            data-key="#484c4c-separator"
          />
          <div
            class="react-horizontal-scrolling-menu--item "
            data-index="7"
            data-key="#715223"
          >
            <div
              class="nartefacts-c-PJLV nartefacts-c-kJLJYA nartefacts-c-kJLJYA-uAklm-size-md nartefacts-c-PJLV-igzYSYx-css"
              data-testid="color-box"
            >
              <span />
            </div>
          </div>
        </div>
        <div
          class="react-horizontal-scrolling-menu--arrow-right"
        />
      </div>
      <div
        class="react-horizontal-scrolling-menu--footer"
      />
    </div>
  </div>
  <div
    class="nartefacts-c-PJLV nartefacts-c-lcVfrG"
  >
    <p>
      for broken ears
    </p>
    <span>
      taylor swift
    </span>
  </div>
</div>
`;
